// Vitest Snapshot v1, https://vitest.dev/guide/snapshot.html

exports[`createPollPdfDefinition > should generate a pdf header and table 1`] = `
{
  "content": [
    [
      {
        "marginTop": 20,
        "pageBreak": undefined,
        "stack": [
          [
            {
              "color": "#444",
              "style": "tableExample",
              "table": {
                "body": [
                  [
                    {
                      "alignment": "left",
                      "fillColor": "#aaa",
                      "style": "tableHeader",
                      "text": "1 - My Title",
                    },
                    {
                      "alignment": "center",
                      "fillColor": "#aaa",
                      "style": "tableHeader",
                      "text": "Open poll",
                    },
                  ],
                  [
                    [
                      {
                        "alignment": "left",
                        "decoration": "underline",
                        "lineHeight": 1,
                        "margin": [
                          0,
                          2,
                        ],
                        "text": "General information",
                      },
                      {
                        "alignment": "left",
                        "lineHeight": 1.5,
                        "text": "Jan 1, 3:33 AM - 3:34 AM",
                      },
                      {
                        "alignment": "left",
                        "decoration": "underline",
                        "lineHeight": 1,
                        "margin": [
                          0,
                          2,
                        ],
                        "text": "Voting information",
                      },
                      {
                        "style": "list",
                        "ul": [
                          {
                            "alignment": "left",
                            "text": "Voting persons: 1",
                          },
                        ],
                      },
                    ],
                    [
                      [
                        {
                          "alignment": "left",
                          "decoration": "underline",
                          "margin": [
                            0,
                            2,
                          ],
                          "text": "Total voting result",
                        },
                        {
                          "alignment": "left",
                          "margin": [
                            0,
                            2,
                          ],
                          "text": "Cast votes: 1",
                        },
                        [
                          {
                            "style": "list",
                            "ul": [
                              {
                                "alignment": "left",
                                "text": "Yes: 1",
                              },
                            ],
                          },
                          {
                            "style": "list",
                            "ul": [
                              {
                                "alignment": "left",
                                "text": "No: 0",
                              },
                            ],
                          },
                          {
                            "style": "list",
                            "ul": [
                              {
                                "alignment": "left",
                                "text": "Invalid: 0",
                              },
                            ],
                          },
                        ],
                      ],
                    ],
                  ],
                  [
                    {
                      "border": [
                        true,
                        false,
                        true,
                        false,
                      ],
                      "colSpan": 2,
                      "decoration": "underline",
                      "text": "Description",
                    },
                  ],
                  [
                    {
                      "border": [
                        true,
                        false,
                        true,
                        true,
                      ],
                      "colSpan": 2,
                      "margin": [
                        0,
                        3,
                      ],
                      "text": "My Description",
                    },
                  ],
                  [
                    {
                      "border": [
                        true,
                        false,
                        true,
                        false,
                      ],
                      "colSpan": 2,
                      "decoration": "underline",
                      "text": "Voting question",
                    },
                  ],
                  [
                    {
                      "alignment": "left",
                      "bold": true,
                      "border": [
                        true,
                        false,
                        true,
                        true,
                      ],
                      "colSpan": 2,
                      "fontSize": 14,
                      "margin": [
                        0,
                        3,
                      ],
                      "style": "tableHeader",
                      "text": "My Question",
                    },
                  ],
                ],
                "headerRows": 1,
                "widths": [
                  "65%",
                  "35%",
                ],
              },
            },
          ],
          [],
          [],
        ],
      },
    ],
  ],
  "footer": [Function],
  "header": [Function],
  "info": {
    "author": "Author Name",
    "title": "Room Name",
  },
  "pageMargins": [
    40,
    80,
    40,
    40,
  ],
  "pageSize": "A4",
  "styles": {
    "list": {
      "margin": [
        5,
        0,
        0,
        0,
      ],
    },
    "tableBody": {
      "alignment": "center",
    },
    "tableHeader": {
      "alignment": "center",
      "bold": true,
      "fontSize": 13,
    },
  },
  "version": "1.5",
}
`;
