// Vitest Snapshot v1, https://vitest.dev/guide/snapshot.html

exports[`createPollPdfContent > should generate a pdf header and table 1`] = `
[
  [
    {
      "marginTop": 20,
      "pageBreak": "after",
      "stack": [
        [
          {
            "color": "#444",
            "style": "tableExample",
            "table": {
              "body": [
                [
                  {
                    "alignment": "left",
                    "fillColor": "#aaa",
                    "style": "tableHeader",
                    "text": "1 - My Title",
                  },
                  {
                    "alignment": "center",
                    "fillColor": "#aaa",
                    "style": "tableHeader",
                    "text": "Open poll",
                  },
                ],
                [
                  [
                    {
                      "alignment": "left",
                      "decoration": "underline",
                      "lineHeight": 1,
                      "margin": [
                        0,
                        2,
                      ],
                      "text": "General information",
                    },
                    {
                      "alignment": "left",
                      "lineHeight": 1.5,
                      "text": "Jan 1, 3:33 AM - 3:34 AM",
                    },
                    {
                      "alignment": "left",
                      "decoration": "underline",
                      "lineHeight": 1,
                      "margin": [
                        0,
                        2,
                      ],
                      "text": "Voting information",
                    },
                    {
                      "style": "list",
                      "ul": [
                        {
                          "alignment": "left",
                          "text": "Voting persons: 0",
                        },
                      ],
                    },
                  ],
                  [
                    [
                      {
                        "alignment": "left",
                        "decoration": "underline",
                        "margin": [
                          0,
                          2,
                        ],
                        "text": "Total voting result",
                      },
                      {
                        "alignment": "left",
                        "margin": [
                          0,
                          2,
                        ],
                        "text": "Cast votes: 0",
                      },
                      [
                        {
                          "style": "list",
                          "ul": [
                            {
                              "alignment": "left",
                              "text": "Yes: 0",
                            },
                          ],
                        },
                        {
                          "style": "list",
                          "ul": [
                            {
                              "alignment": "left",
                              "text": "No: 0",
                            },
                          ],
                        },
                        {
                          "style": "list",
                          "ul": [
                            {
                              "alignment": "left",
                              "text": "Invalid: 0",
                            },
                          ],
                        },
                      ],
                    ],
                  ],
                ],
                [
                  {
                    "border": [
                      true,
                      false,
                      true,
                      false,
                    ],
                    "colSpan": 2,
                    "decoration": "underline",
                    "text": "Description",
                  },
                ],
                [
                  {
                    "border": [
                      true,
                      false,
                      true,
                      true,
                    ],
                    "colSpan": 2,
                    "margin": [
                      0,
                      3,
                    ],
                    "text": "My Description",
                  },
                ],
                [
                  {
                    "border": [
                      true,
                      false,
                      true,
                      false,
                    ],
                    "colSpan": 2,
                    "decoration": "underline",
                    "text": "Voting question",
                  },
                ],
                [
                  {
                    "alignment": "left",
                    "bold": true,
                    "border": [
                      true,
                      false,
                      true,
                      true,
                    ],
                    "colSpan": 2,
                    "fontSize": 14,
                    "margin": [
                      0,
                      3,
                    ],
                    "style": "tableHeader",
                    "text": "My Question",
                  },
                ],
              ],
              "headerRows": 1,
              "widths": [
                "65%",
                "35%",
              ],
            },
          },
        ],
        [],
        [],
      ],
    },
    {
      "marginTop": 20,
      "pageBreak": undefined,
      "stack": [
        [
          {
            "color": "#444",
            "style": "tableExample",
            "table": {
              "body": [
                [
                  {
                    "alignment": "left",
                    "fillColor": "#aaa",
                    "style": "tableHeader",
                    "text": "2 - My Title",
                  },
                  {
                    "alignment": "center",
                    "fillColor": "#aaa",
                    "style": "tableHeader",
                    "text": "Open poll",
                  },
                ],
                [
                  [
                    {
                      "alignment": "left",
                      "decoration": "underline",
                      "lineHeight": 1,
                      "margin": [
                        0,
                        2,
                      ],
                      "text": "General information",
                    },
                    {
                      "alignment": "left",
                      "lineHeight": 1.5,
                      "text": "Jan 1, 3:33 AM - 3:34 AM",
                    },
                    {
                      "alignment": "left",
                      "decoration": "underline",
                      "lineHeight": 1,
                      "margin": [
                        0,
                        2,
                      ],
                      "text": "Voting information",
                    },
                    {
                      "style": "list",
                      "ul": [
                        {
                          "alignment": "left",
                          "text": "Voting persons: 0",
                        },
                      ],
                    },
                  ],
                  [
                    [
                      {
                        "alignment": "left",
                        "decoration": "underline",
                        "margin": [
                          0,
                          2,
                        ],
                        "text": "Total voting result",
                      },
                      {
                        "alignment": "left",
                        "margin": [
                          0,
                          2,
                        ],
                        "text": "Cast votes: 0",
                      },
                      [
                        {
                          "style": "list",
                          "ul": [
                            {
                              "alignment": "left",
                              "text": "Yes: 0",
                            },
                          ],
                        },
                        {
                          "style": "list",
                          "ul": [
                            {
                              "alignment": "left",
                              "text": "No: 0",
                            },
                          ],
                        },
                        {
                          "style": "list",
                          "ul": [
                            {
                              "alignment": "left",
                              "text": "Invalid: 0",
                            },
                          ],
                        },
                      ],
                    ],
                  ],
                ],
                [
                  {
                    "border": [
                      true,
                      false,
                      true,
                      false,
                    ],
                    "colSpan": 2,
                    "decoration": "underline",
                    "text": "Description",
                  },
                ],
                [
                  {
                    "border": [
                      true,
                      false,
                      true,
                      true,
                    ],
                    "colSpan": 2,
                    "margin": [
                      0,
                      3,
                    ],
                    "text": "My Description",
                  },
                ],
                [
                  {
                    "border": [
                      true,
                      false,
                      true,
                      false,
                    ],
                    "colSpan": 2,
                    "decoration": "underline",
                    "text": "Voting question",
                  },
                ],
                [
                  {
                    "alignment": "left",
                    "bold": true,
                    "border": [
                      true,
                      false,
                      true,
                      true,
                    ],
                    "colSpan": 2,
                    "fontSize": 14,
                    "margin": [
                      0,
                      3,
                    ],
                    "style": "tableHeader",
                    "text": "My Question",
                  },
                ],
              ],
              "headerRows": 1,
              "widths": [
                "65%",
                "35%",
              ],
            },
          },
        ],
        [],
        [],
      ],
    },
  ],
]
`;
